---
source: tests/presenter.rs
expression: "render(&finder_state_with_matches(), 100, 24)"
---
"┌┌Go to file: src/─────────────────────────────────────────────────────────────────────[Workspace]┐┐"
"││                                                                                                ││"
"││ > main                                                                                         ││"
"││ main.rs  src                                                                                   ││"
"││ main_helper.rs  src/inner                                                                      ││"
"││ README.md                                                                                      ││"
"││                                                                                                ││"
"│└────────────────────Tab scope · ↑↓ move · ←→ scroll · Enter open · Esc close────────────────────┘│"
"│                                      ││                                                          │"
"│                                      ││                                                          │"
"│                                      ││                                                          │"
"│                                      ││                                                          │"
"│                                      ││                                                          │"
"│                                      ││                                                          │"
"│                                      ││                                                          │"
"│                                      ││                                                          │"
"│                                      ││                                                          │"
"│                                      ││                                                          │"
"│                                      ││                                                          │"
"│                                      ││                                                          │"
"│                                      ││                                                          │"
"│                                      ││                                                          │"
"│                                      ││                                                          │"
"└──────────────────────────────────────┘└────────────────────────────────────────────────────? help┘"
