---
source: tests/presenter_narrow.rs
expression: "render(&state(60, Focus::Content), 60, 20)"
---
"┌main.rs───────────────────────────────────────────────────┐"
"│delta not found — showing plain diff                      │"
"│fn main() {}                                              │"
"│                                                          │"
"│                                                          │"
"│                                                          │"
"│                                                          │"
"│                                                          │"
"│                                                          │"
"│                                                          │"
"│                                                          │"
"│                                                          │"
"│                                                          │"
"│                                                          │"
"│                                                          │"
"│                                                          │"
"│                                                          │"
"│                                                          │"
"│                                                          │"
"└────────────────────────────────────────────────────? help┘"
