---
source: tests/presenter.rs
expression: "render(&line_select_state(3, 3, 3), 100, 24)"
---
"┌r──────────────────────────[-]─[p]─[x]┐┌main.rs───────────────────────────────────────────────────┐"
"│  ▾ src                               ││ line one                                                 │"
"│M   main.rs                           ││ line two                                                 │"
"│    ▾ inner                           ││▶line three                                               │"
"│A     added.rs                        ││ line four                                                │"
"│  README.md                           ││ line five                                                │"
"│D gone.txt                            ││ line six                                                 │"
"│? scratch.log                         ││                                                          │"
"│                                      ││                                                          │"
"│                                      ││                                                          │"
"│                                      ││                                                          │"
"│                                      ││                                                          │"
"│                                      ││                                                          │"
"│                                      ││                                                          │"
"│                                      ││                                                          │"
"│                                      ││                                                          │"
"│                                      ││                                                          │"
"│                                      ││                                                          │"
"│                                      ││                                                          │"
"│                                      ││                                                          │"
"│                                      ││                                                          │"
"│                                      ││                                                          │"
"│                                      ││                                                          │"
"└──────────────────────────────────────┘└────────────────────────────────────────────────────? help┘"
