---
source: tests/presenter.rs
expression: "render(&finder_state_empty_query(), 100, 24)"
---
"┌┌Go to file: src/─────────────────────────────────────────────────────────────────────[Workspace]┐┐"
"││                                                                                                ││"
"││ > type to find a file…                                                                         ││"
"││                                                                                                ││"
"│└────────────────────Tab scope · ↑↓ move · ←→ scroll · Enter open · Esc close────────────────────┘│"
"│  README.md                           ││}                                                         │"
"│D gone.txt                            ││                                                          │"
"│? scratch.log                         ││                                                          │"
"│                                      ││                                                          │"
"│                                      ││                                                          │"
"│                                      ││                                                          │"
"│                                      ││                                                          │"
"│                                      ││                                                          │"
"│                                      ││                                                          │"
"│                                      ││                                                          │"
"│                                      ││                                                          │"
"│                                      ││                                                          │"
"│                                      ││                                                          │"
"│                                      ││                                                          │"
"│                                      ││                                                          │"
"│                                      ││                                                          │"
"│                                      ││                                                          │"
"│                                      ││                                                          │"
"└──────────────────────────────────────┘└────────────────────────────────────────────────────? help┘"
