---
source: tests/presenter.rs
expression: "render(&search_state(), 100, 24)"
---
"┌r──────────────────────────[-]─[p]─[x]┐┌main.rs───────────────────────────────────────────────────┐"
"│  ▾ src                               ││fn main() {                                               │"
"│M   main.rs                           ││    println!;                                             │"
"│    ▾ inner                           ││}                                                         │"
"│A     added.rs                        ││                                                          │"
"│  README.md                           ││                                                          │"
"│D gone.txt                            ││                                                          │"
"│? scratch.log                         ││                                                          │"
"│                                      ││                                                          │"
"│                                      ││                                                          │"
"│                                      ││                                                          │"
"│                                      ││                                                          │"
"│                                      ││                                                          │"
"│                                      ││                                                          │"
"│                                      ││                                                          │"
"│                                      ││                                                          │"
"│                                      ││                                                          │"
"│                                      ││                                                          │"
"│                                      ││                                                          │"
"│                                      ││                                                          │"
"│                                      ││                                                          │"
"│                                      ││                                                          │"
"│                                      ││                                                          │"
"└──────────────────────────────────────┘└────────────────────────────────────────────────────? help┘"
